[     173ms] [INFO] %cDownload the React DevTools for a better development experience: https://react.dev/link/react-devtools font-weight:bold @ http://localhost:3001/_next/static/chunks/node_modules_next_dist_1ybzpk2._.js:2477
[     192ms] [LOG] [HMR] connected @ http://localhost:3001/_next/static/chunks/node_modules_next_dist_1ybzpk2._.js:2477
[     280ms] [WARNING] [OMNOM] NEXT_PUBLIC_WC_PROJECT_ID is not set — WalletConnect will not work until configured. @ http://localhost:3001/_next/static/chunks/node_modules_next_dist_1ybzpk2._.js:2477
[     376ms] [ERROR] Failed to load resource: the server responded with a status of 401 (Unauthorized) @ http://localhost:3001/api/v1/me:0
[     528ms] [WARNING] Lit is in dev mode. Not recommended for production! See https://lit.dev/msg/dev-mode for more information. @ http://localhost:3001/_next/static/chunks/node_modules_next_dist_1ybzpk2._.js:2477
[     540ms] [LOG] [Fast Refresh] rebuilding @ http://localhost:3001/_next/static/chunks/node_modules_next_dist_1ybzpk2._.js:2477
[     579ms] [ERROR] Failed to load resource: the server responded with a status of 403 () @ https://api.web3modal.org/appkit/v1/project-limits?projectId=omnom-dev-placeholder-project-id&st=appkit&sv=html-core-1.8.19:0
[     579ms] [WARNING] Failed to fetch usage Error: HTTP status code: 403
    at fetchData (http://localhost:3001/_next/static/chunks/node_modules_%40reown_appkit-controllers_dist_esm_src_0rpd5xb._.js:1554:21)
    at async FetchUtil.get (http://localhost:3001/_next/static/chunks/node_modules_%40reown_appkit-controllers_dist_esm_src_0rpd5xb._.js:1568:26)
    at async Object.fetchUsage (http://localhost:3001/_next/static/chunks/node_modules_%40reown_appkit-controllers_dist_esm_src_0rpd5xb._.js:3504:30)
    at async AppKit.initialize (http://localhost:3001/_next/static/chunks/node_modules_%40reown_appkit_dist_esm_0_xj-ov._.js:808:9) @ http://localhost:3001/_next/static/chunks/node_modules_next_dist_1ybzpk2._.js:2477
[     599ms] [LOG] [Fast Refresh] done in 161ms @ http://localhost:3001/_next/static/chunks/node_modules_next_dist_1ybzpk2._.js:2477
[   10560ms] [ERROR] Failed to load resource: the server responded with a status of 400 () @ https://pulse.walletconnect.org/batch?projectId=omnom-dev-placeholder-project-id&st=appkit&sv=html-core-1.8.19:0
[  155122ms] [LOG] [Fast Refresh] rebuilding @ http://localhost:3001/_next/static/chunks/node_modules_next_dist_1ybzpk2._.js:2477
[  155358ms] [LOG] [Fast Refresh] done in 287ms @ http://localhost:3001/_next/static/chunks/node_modules_next_dist_1ybzpk2._.js:2477
[  313631ms] [LOG] [Fast Refresh] rebuilding @ http://localhost:3001/_next/static/chunks/node_modules_next_dist_1ybzpk2._.js:2477
[  314299ms] [LOG] [Fast Refresh] done in 740ms @ http://localhost:3001/_next/static/chunks/node_modules_next_dist_1ybzpk2._.js:2477
[  536816ms] [ERROR] WebSocket connection to 'ws://localhost:3001/_next/webpack-hmr?id=vEY9VN26EqzF7YYKMA97i' failed: Error in connection establishment: net::ERR_CONNECTION_REFUSED @ http://localhost:3001/_next/static/chunks/node_modules_next_dist_client_0r5nbpw._.js:13422
[  537819ms] [ERROR] WebSocket connection to 'ws://localhost:3001/_next/webpack-hmr?id=vEY9VN26EqzF7YYKMA97i' failed: Error in connection establishment: net::ERR_CONNECTION_REFUSED @ http://localhost:3001/_next/static/chunks/node_modules_next_dist_client_0r5nbpw._.js:13422
[  538822ms] [ERROR] WebSocket connection to 'ws://localhost:3001/_next/webpack-hmr?id=vEY9VN26EqzF7YYKMA97i' failed: Error in connection establishment: net::ERR_CONNECTION_REFUSED @ http://localhost:3001/_next/static/chunks/node_modules_next_dist_client_0r5nbpw._.js:13422
[  539826ms] [ERROR] WebSocket connection to 'ws://localhost:3001/_next/webpack-hmr?id=vEY9VN26EqzF7YYKMA97i' failed: Error in connection establishment: net::ERR_CONNECTION_REFUSED @ http://localhost:3001/_next/static/chunks/node_modules_next_dist_client_0r5nbpw._.js:13422
[  540830ms] [ERROR] WebSocket connection to 'ws://localhost:3001/_next/webpack-hmr?id=vEY9VN26EqzF7YYKMA97i' failed: Error in connection establishment: net::ERR_CONNECTION_REFUSED @ http://localhost:3001/_next/static/chunks/node_modules_next_dist_client_0r5nbpw._.js:13422
[  545836ms] [ERROR] WebSocket connection to 'ws://localhost:3001/_next/webpack-hmr?id=vEY9VN26EqzF7YYKMA97i' failed: Error in connection establishment: net::ERR_CONNECTION_REFUSED @ http://localhost:3001/_next/static/chunks/node_modules_next_dist_client_0r5nbpw._.js:13422
[  550852ms] [ERROR] WebSocket connection to 'ws://localhost:3001/_next/webpack-hmr?id=vEY9VN26EqzF7YYKMA97i' failed: Error in connection establishment: net::ERR_CONNECTION_REFUSED @ http://localhost:3001/_next/static/chunks/node_modules_next_dist_client_0r5nbpw._.js:13422
[  555880ms] [ERROR] WebSocket connection to 'ws://localhost:3001/_next/webpack-hmr?id=vEY9VN26EqzF7YYKMA97i' failed: Error in connection establishment: net::ERR_CONNECTION_REFUSED @ http://localhost:3001/_next/static/chunks/node_modules_next_dist_client_0r5nbpw._.js:13422
[  560917ms] [ERROR] WebSocket connection to 'ws://localhost:3001/_next/webpack-hmr?id=vEY9VN26EqzF7YYKMA97i' failed: Error in connection establishment: net::ERR_CONNECTION_REFUSED @ http://localhost:3001/_next/static/chunks/node_modules_next_dist_client_0r5nbpw._.js:13422
[  565974ms] [ERROR] WebSocket connection to 'ws://localhost:3001/_next/webpack-hmr?id=vEY9VN26EqzF7YYKMA97i' failed: Error in connection establishment: net::ERR_CONNECTION_REFUSED @ http://localhost:3001/_next/static/chunks/node_modules_next_dist_client_0r5nbpw._.js:13422
[  571053ms] [ERROR] WebSocket connection to 'ws://localhost:3001/_next/webpack-hmr?id=vEY9VN26EqzF7YYKMA97i' failed: Error in connection establishment: net::ERR_CONNECTION_REFUSED @ http://localhost:3001/_next/static/chunks/node_modules_next_dist_client_0r5nbpw._.js:13422
[  576234ms] [ERROR] WebSocket connection to 'ws://localhost:3001/_next/webpack-hmr?id=vEY9VN26EqzF7YYKMA97i' failed: Error in connection establishment: net::ERR_CONNECTION_REFUSED @ http://localhost:3001/_next/static/chunks/node_modules_next_dist_client_0r5nbpw._.js:13422
