[     197ms] [WARNING] [OMNOM] NEXT_PUBLIC_WC_PROJECT_ID is not set — WalletConnect will not work until configured. @ http://localhost:3001/_next/static/chunks/app/layout-8d751bbb7a021232.js:0
[     279ms] [ERROR] Failed to load resource: the server responded with a status of 401 (Unauthorized) @ http://localhost:3001/api/v1/notifications/unread-count:0
[     287ms] [ERROR] Failed to load resource: the server responded with a status of 401 (Unauthorized) @ http://localhost:3001/api/v1/me:0
[     337ms] [ERROR] Failed to load resource: the server responded with a status of 404 (Not Found) @ http://localhost:3001/DOCS/README.md?_rsc=p-6QMek9wHxKx4I4:0
[     366ms] [ERROR] Connecting to 'https://api.web3modal.org/appkit/v1/project-limits?projectId=omnom-dev-placeholder-project-id&st=appkit&sv=html-core-1.8.19' violates the following Content Security Policy directive: "connect-src 'self' https://*.walletconnect.org wss://*.walletconnect.org https://relay.walletconnect.com https://wc-url.vercel.app https://registry.walletconnect.com https://explorer-api.walletconnect.com". The action has been blocked. @ http://localhost:3001/_next/static/chunks/5494.72d0ce6c1d9176e3.js:31
[     366ms] [ERROR] Fetch API cannot load https://api.web3modal.org/appkit/v1/project-limits?projectId=omnom-dev-placeholder-project-id&st=appkit&sv=html-core-1.8.19. Refused to connect because it violates the document's Content Security Policy. @ http://localhost:3001/_next/static/chunks/5494.72d0ce6c1d9176e3.js:31
[     367ms] [WARNING] Failed to fetch usage TypeError: Failed to fetch
    at r (http://localhost:3001/_next/static/chunks/5494.72d0ce6c1d9176e3.js:32:4669)
    at n.get (http://localhost:3001/_next/static/chunks/5494.72d0ce6c1d9176e3.js:32:4928)
    at Object.fetchUsage (http://localhost:3001/_next/static/chunks/5494.72d0ce6c1d9176e3.js:226:3430)
    at em.initialize (http://localhost:3001/_next/static/chunks/5494.72d0ce6c1d9176e3.js:34:44411) @ http://localhost:3001/_next/static/chunks/5494.72d0ce6c1d9176e3.js:225
[     376ms] [ERROR] Failed to load resource: the server responded with a status of 404 (Not Found) @ http://localhost:3001/favicon.ico:0
[    1290ms] [ERROR] Failed to load resource: the server responded with a status of 401 (Unauthorized) @ http://localhost:3001/api/v1/notifications/unread-count:0
[    2938ms] [ERROR] Failed to load resource: the server responded with a status of 500 (Internal Server Error) @ http://localhost:3001/api/v1/proposals?sortBy=createdAt&sortOrder=desc&pageSize=9:0
[    6255ms] [ERROR] Failed to load resource: the server responded with a status of 500 (Internal Server Error) @ http://localhost:3001/api/v1/proposals?sortBy=createdAt&sortOrder=desc&pageSize=9:0
[   10465ms] [ERROR] Failed to load resource: the server responded with a status of 400 () @ https://pulse.walletconnect.org/batch?projectId=omnom-dev-placeholder-project-id&st=appkit&sv=html-core-1.8.19:0
[   30232ms] [ERROR] Failed to load resource: the server responded with a status of 401 (Unauthorized) @ http://localhost:3001/api/v1/notifications/unread-count:0
[   31239ms] [ERROR] Failed to load resource: the server responded with a status of 401 (Unauthorized) @ http://localhost:3001/api/v1/notifications/unread-count:0
[   60233ms] [ERROR] Failed to load resource: the server responded with a status of 401 (Unauthorized) @ http://localhost:3001/api/v1/notifications/unread-count:0
[   61242ms] [ERROR] Failed to load resource: the server responded with a status of 401 (Unauthorized) @ http://localhost:3001/api/v1/notifications/unread-count:0
[   90229ms] [ERROR] Failed to load resource: the server responded with a status of 401 (Unauthorized) @ http://localhost:3001/api/v1/notifications/unread-count:0
[   91236ms] [ERROR] Failed to load resource: net::ERR_CONNECTION_REFUSED @ http://localhost:3001/api/v1/notifications/unread-count:0
[  120229ms] [ERROR] Failed to load resource: net::ERR_CONNECTION_REFUSED @ http://localhost:3001/api/v1/notifications/unread-count:0
[  121231ms] [ERROR] Failed to load resource: net::ERR_CONNECTION_REFUSED @ http://localhost:3001/api/v1/notifications/unread-count:0
